// Jest Snapshot v1, https://goo.gl/fbAQLP

exports[`AppProvider TestingÂ rendering It matches snapshot 1`] = `
<DocumentFragment>
  <div />
   
</DocumentFragment>
`;
